Microsoft (R) Macro Assembler Version 14.27.29112.0	    10/24/20 18:56:06
example1.asm						     Page 1 - 1


				; Eugene Triguba <ytriguba17@ole.augie.edu>
				; Advanced Programming: Homework 9
				;
				; Compute sum = 158 + number + number1, 
				; where number is initialed to -105

				.586
				.MODEL FLAT
				.STACK 4096

 00000000			.DATA
 00000000 FFFFFF97		number  DWORD -105
 00000004 0000000C		number1 DWORD 12
 00000008 00000000		sum     DWORD ?

 00000000			.CODE
 00000000			main    PROC
 00000000  A1 00000000 R	        mov     eax, [number]     ; move number into EAX
 00000005  05 0000009E		        add     eax, 158          ; add 158 to EAX
 0000000A  03 05 00000004 R	        add		eax, [number1]    ; add number1 to EAX
 00000010  A3 00000008 R	        mov     sum, eax          ; move EAX to sum 
 00000015  B8 00000000		        mov   	eax, 0            ; exit with return code 0
 0000001A  C3			        ret
 0000001B			main    ENDP

				END
Microsoft (R) Macro Assembler Version 14.27.29112.0	    10/24/20 18:56:06
example1.asm						     Symbols 2 - 1




Segments and Groups:

                N a m e                 Size     Length   Align   Combine Class

FLAT . . . . . . . . . . . . . .	GROUP
STACK  . . . . . . . . . . . . .	32 Bit	 00001000 Para	  Stack	  'STACK'	 
_DATA  . . . . . . . . . . . . .	32 Bit	 0000000C Para	  Public  'DATA'	
_TEXT  . . . . . . . . . . . . .	32 Bit	 0000001B Para	  Public  'CODE'	


Procedures, parameters, and locals:

                N a m e                 Type     Value    Attr

main . . . . . . . . . . . . . .	P Near	 00000000 _TEXT	Length= 0000001B Public


Symbols:

                N a m e                 Type     Value    Attr

@CodeSize  . . . . . . . . . . .	Number	 00000000h   
@DataSize  . . . . . . . . . . .	Number	 00000000h   
@Interface . . . . . . . . . . .	Number	 00000000h   
@Model . . . . . . . . . . . . .	Number	 00000007h   
@code  . . . . . . . . . . . . .	Text   	 _TEXT
@data  . . . . . . . . . . . . .	Text   	 FLAT
@fardata?  . . . . . . . . . . .	Text   	 FLAT
@fardata . . . . . . . . . . . .	Text   	 FLAT
@stack . . . . . . . . . . . . .	Text   	 FLAT
number1  . . . . . . . . . . . .	DWord	 00000004 _DATA	
number . . . . . . . . . . . . .	DWord	 00000000 _DATA	
sum  . . . . . . . . . . . . . .	DWord	 00000008 _DATA	

	   0 Warnings
	   0 Errors
